[2026-06-07 21:45:58] Panic PIN Attempt: password
[2026-06-07 21:46:04] Panic PIN Attempt: admin123
[2026-06-07 21:46:10] Panic PIN Attempt: asdfgh
[2026-06-07 21:59:58] Panic PIN Attempt: password123
[2026-06-07 22:08:56] Panic PIN Attempt: admin456
[2026-06-07 22:09:01] Panic PIN Attempt: emreemre
[2026-06-07 23:20:54] Panic PIN Attempt: asdfghjk
[2026-06-08 20:21:18] Panic PIN Attempt: passwo
[2026-06-08 20:22:14] Panic PIN Attempt: password
[2026-06-08 22:37:16] Panic PIN Attempt: admin123
[2026-06-08 22:37:36] Panic PIN Attempt: password123
[2026-06-08 22:37:50] Panic PIN Attempt: 123
[2026-06-09 01:22:51] Panic PIN Attempt: 3627
[2026-06-09 01:22:54] Panic PIN Attempt: 12846
[2026-06-09 01:22:57] Panic PIN Attempt: 3854930
[2026-06-09 01:23:01] Panic PIN Attempt: 39846
[2026-06-09 01:57:28] Panic PIN Attempt: jhgdjhsbgjdg
[2026-06-09 02:46:26] Panic PIN Attempt: emre1234
[2026-06-09 02:46:33] Panic PIN Attempt: emre4343
[2026-06-09 02:46:35] Panic PIN Attempt: 424242
[2026-06-09 17:03:21] Panic PIN Attempt: 48349384
[2026-06-09 17:03:25] Panic PIN Attempt: 9032903
[2026-06-09 17:23:02] Panic PIN Attempt: fmkla
[2026-06-09 18:48:29] Panic PIN Attempt: 123778
[2026-06-09 18:48:32] Panic PIN Attempt: 2563
[2026-06-09 20:39:12] Panic PIN Attempt: 4546
[2026-06-09 20:39:13] Panic PIN Attempt: 5464
[2026-06-09 20:39:16] Panic PIN Attempt: 54344
[2026-06-09 20:39:18] Panic PIN Attempt: 78513
[2026-06-09 20:39:20] Panic PIN Attempt: 752366
